EXCEPTION IN (/home/media/repos/stockbot/init2_addstocks.py, LINE 200 "assert funda.status_code == 200, funda.raise_for_status()"): Client error '429 Too many requests' for url 'https://api.tdameritrade.com/v1/instruments?apikey=6VR4CQRK1K9RG85OPM5HZS8XP4IQAXOL%40AMER.OAUTHAP&symbol=COOLU&projection=fundamental'
For more information check: https://httpstatuses.com/429
EXCEPTION IN (/home/media/repos/stockbot/init2_addstocks.py, LINE 200 "assert funda.status_code == 200, funda.raise_for_status()"): Client error '429 Too many requests' for url 'https://api.tdameritrade.com/v1/instruments?apikey=6VR4CQRK1K9RG85OPM5HZS8XP4IQAXOL%40AMER.OAUTHAP&symbol=COOP&projection=fundamental'
For more information check: https://httpstatuses.com/429
EXCEPTION IN (/home/media/repos/stockbot/init2_addstocks.py, LINE 200 "assert funda.status_code == 200, funda.raise_for_status()"): Client error '429 Too many requests' for url 'https://api.tdameritrade.com/v1/instruments?apikey=6VR4CQRK1K9RG85OPM5HZS8XP4IQAXOL%40AMER.OAUTHAP&symbol=TAIL&projection=fundamental'
For more information check: https://httpstatuses.com/429
EXCEPTION IN (/home/media/repos/stockbot/init2_addstocks.py, LINE 200 "assert funda.status_code == 200, funda.raise_for_status()"): Client error '429 Too many requests' for url 'https://api.tdameritrade.com/v1/instruments?apikey=6VR4CQRK1K9RG85OPM5HZS8XP4IQAXOL%40AMER.OAUTHAP&symbol=AILG&projection=fundamental'
For more information check: https://httpstatuses.com/429
EXCEPTION IN (/home/media/repos/stockbot/init2_addstocks.py, LINE 200 "assert funda.status_code == 200, funda.raise_for_status()"): Client error '429 Too many requests' for url 'https://api.tdameritrade.com/v1/instruments?apikey=6VR4CQRK1K9RG85OPM5HZS8XP4IQAXOL%40AMER.OAUTHAP&symbol=XNTK&projection=fundamental'
For more information check: https://httpstatuses.com/429
